1:"$Sreact.fragment"
2:I[6874,["874","static/chunks/874-6b76fb970df2f646.js","508","static/chunks/app/docs/%5Bslug%5D/page-45fd959bf4700324.js"],""]
3:I[3063,["874","static/chunks/874-6b76fb970df2f646.js","63","static/chunks/63-fb209884a8538d79.js","177","static/chunks/app/layout-e7cc21322cec11e1.js"],"Image"]
4:I[187,["874","static/chunks/874-6b76fb970df2f646.js","63","static/chunks/63-fb209884a8538d79.js","177","static/chunks/app/layout-e7cc21322cec11e1.js"],"default"]
5:I[7555,[],""]
6:I[1295,[],""]
8:I[9665,[],"MetadataBoundary"]
a:I[9665,[],"OutletBoundary"]
d:I[4911,[],"AsyncMetadataOutlet"]
f:I[9665,[],"ViewportBoundary"]
11:I[6614,[],""]
:HL["/contributions/_next/static/media/1e41be92c43b3255-s.p.woff2","font",{"crossOrigin":"","type":"font/woff2"}]
:HL["/contributions/_next/static/media/7b0b24f36b1a6d0b-s.p.woff2","font",{"crossOrigin":"","type":"font/woff2"}]
:HL["/contributions/_next/static/css/06d4fd9fa8c1e93f.css","style"]
:HL["/contributions/_next/static/css/7f6bd37aab40623f.css","style"]
0:{"P":null,"b":"WRL0cNlS9-N5RRwF7wa39","p":"/contributions","c":["","docs","commit-checklist",""],"i":false,"f":[[["",{"children":["docs",{"children":[["slug","commit-checklist","d"],{"children":["__PAGE__",{}]}]}]},"$undefined","$undefined",true],["",["$","$1","c",{"children":[[["$","link","0",{"rel":"stylesheet","href":"/contributions/_next/static/css/06d4fd9fa8c1e93f.css","precedence":"next","crossOrigin":"$undefined","nonce":"$undefined"}]],["$","html",null,{"lang":"ko","children":[["$","head",null,{"children":["$","script",null,{"dangerouslySetInnerHTML":{"__html":"(function(){try{var t=localStorage.getItem('theme');var d=t?t==='dark':window.matchMedia('(prefers-color-scheme: dark)').matches;if(d)document.documentElement.classList.add('dark');}catch(e){}})();"}}]}],["$","body",null,{"className":"__className_dc557a __variable_4936b8 bg-background text-on-surface min-h-screen flex flex-col","children":[["$","header",null,{"className":"bg-background/80 backdrop-blur-md border-b border-outline/60 py-3 sticky top-0 z-20","children":["$","div",null,{"className":"container mx-auto px-4 lg:px-6","children":["$","nav",null,{"className":"flex flex-col sm:flex-row justify-between items-center","children":[["$","$L2",null,{"href":"/","className":"font-display text-xl font-semibold tracking-tight mb-3 sm:mb-0 flex items-center","children":[["$","$L3",null,{"src":{"src":"/contributions/_next/static/media/logo.7799f1a0.png","height":256,"width":256,"blurDataURL":"data:image/png;base64,iVBORw0KGgoAAAANSUhEUgAAAAgAAAAICAMAAADz0U65AAAAMFBMVEX+0376oiT64Kr+3JNMaXH93Jj7v1T914/90Xn/skH43aL/9sr86b3/66f/5Jb8xWLQI6CgAAAACnRSTlOyL/7xAPn7+ust2EYa1QAAAAlwSFlzAAALEwAACxMBAJqcGAAAADtJREFUeJwVyEkSACEIALFmURRQ///bqckx+GYMtiPrRtwlcOab84CVpmoZ1pmZbVD5D4hVd5ngQgTiHzngAYqJk08lAAAAAElFTkSuQmCC","blurWidth":8,"blurHeight":8},"alt":"OSSCA Chromium 로고","width":32,"height":32,"className":"mr-2"}],"OSSCA Chromium"]}],["$","div",null,{"className":"flex flex-wrap items-center justify-center gap-1 sm:gap-2","children":[[["$","$L2","/docs",{"href":"/docs","className":"rounded-full px-4 py-2 font-medium text-on-surface-variant transition-colors hover:bg-surface-variant hover:text-on-surface","children":"Guide"}],["$","$L2","/patches",{"href":"/patches","className":"rounded-full px-4 py-2 font-medium text-on-surface-variant transition-colors hover:bg-surface-variant hover:text-on-surface","children":"Contributions"}],["$","$L2","/contributors",{"href":"/contributors","className":"rounded-full px-4 py-2 font-medium text-on-surface-variant transition-colors hover:bg-surface-variant hover:text-on-surface","children":"Contributors"}],["$","$L2","/stats",{"href":"/stats","className":"rounded-full px-4 py-2 font-medium text-on-surface-variant transition-colors hover:bg-surface-variant hover:text-on-surface","children":"Stats"}],["$","$L2","/schedule",{"href":"/schedule","className":"rounded-full px-4 py-2 font-medium text-on-surface-variant transition-colors hover:bg-surface-variant hover:text-on-surface","children":"Schedule"}]],["$","$L4",null,{}],["$","a",null,{"href":"https://github.com/OSSCA-chromium/contributions","target":"_blank","rel":"noopener noreferrer","className":"ml-1 inline-flex items-center gap-2 rounded-full bg-primary px-5 py-2 font-medium text-on-primary transition-opacity hover:opacity-90","aria-label":"GitHub 저장소","children":[["$","svg",null,{"xmlns":"http://www.w3.org/2000/svg","width":"18","height":"18","viewBox":"0 0 24 24","fill":"currentColor","children":["$","path",null,{"d":"M12 0c-6.626 0-12 5.373-12 12 0 5.302 3.438 9.8 8.207 11.387.599.111.793-.261.793-.577v-2.234c-3.338.726-4.033-1.416-4.033-1.416-.546-1.387-1.333-1.756-1.333-1.756-1.089-.745.083-.729.083-.729 1.205.084 1.839 1.237 1.839 1.237 1.07 1.834 2.807 1.304 3.492.997.107-.775.418-1.305.762-1.604-2.665-.305-5.467-1.334-5.467-5.931 0-1.311.469-2.381 1.236-3.221-.124-.303-.535-1.524.117-3.176 0 0 1.008-.322 3.301 1.23.957-.266 1.983-.399 3.003-.404 1.02.005 2.047.138 3.006.404 2.291-1.552 3.297-1.23 3.297-1.23.653 1.653.242 2.874.118 3.176.77.84 1.235 1.911 1.235 3.221 0 4.609-2.807 5.624-5.479 5.921.43.372.823 1.102.823 2.222v3.293c0 .319.192.694.801.576 4.765-1.589 8.199-6.086 8.199-11.386 0-6.627-5.373-12-12-12z"}]}],"GitHub"]}]]}]]}]}]}],["$","main",null,{"className":"container mx-auto px-4 py-8 flex-grow","children":["$","$L5",null,{"parallelRouterKey":"children","error":"$undefined","errorStyles":"$undefined","errorScripts":"$undefined","template":["$","$L6",null,{}],"templateStyles":"$undefined","templateScripts":"$undefined","notFound":[["$","div",null,{"className":"flex flex-col items-center justify-center py-20","children":[["$","h1",null,{"className":"font-display brand-gradient-text text-6xl font-bold tracking-tight mb-4","children":"404"}],["$","h2",null,{"className":"text-2xl mb-6 text-on-surface","children":"페이지를 찾을 수 없습니다"}],["$","p",null,{"className":"mb-8 text-on-surface-variant","children":"요청하신 페이지가 존재하지 않거나 이동되었을 수 있습니다."}],["$","$L2",null,{"href":"/","className":"rounded-full bg-primary px-6 py-3 font-medium text-on-primary transition-opacity hover:opacity-90","children":"홈으로 돌아가기"}]]}],[]],"forbidden":"$undefined","unauthorized":"$undefined"}]}],["$","footer",null,{"className":"border-t border-outline/60 mt-12","children":[["$","div",null,{"className":"chromium-strip","aria-hidden":"true"}],["$","div",null,{"className":"container mx-auto px-4 pt-8 pb-6","children":["$","div",null,{"className":"flex flex-col sm:flex-row items-center justify-between gap-4 text-sm text-on-surface-variant","children":[["$","div",null,{"className":"flex flex-wrap items-center justify-center gap-4","children":[["$","$L2","/docs",{"href":"/docs","className":"transition-colors hover:text-primary","children":"Guide"}],["$","$L2","/patches",{"href":"/patches","className":"transition-colors hover:text-primary","children":"Contributions"}],["$","$L2","/contributors",{"href":"/contributors","className":"transition-colors hover:text-primary","children":"Contributors"}],["$","$L2","/stats",{"href":"/stats","className":"transition-colors hover:text-primary","children":"Stats"}],["$","$L2","/schedule",{"href":"/schedule","className":"transition-colors hover:text-primary","children":"Schedule"}]]}],["$","div",null,{"className":"flex items-center gap-2","children":[["$","p",null,{"children":["© ","2025-2026"," OSSCA Chromium. All rights reserved."]}],["$","a",null,{"href":"https://github.com/OSSCA-chromium/contributions","target":"_blank","rel":"noopener noreferrer","className":"text-on-surface-variant hover:text-primary transition-colors","aria-label":"GitHub 저장소","children":["$","svg",null,{"xmlns":"http://www.w3.org/2000/svg","width":"20","height":"20","viewBox":"0 0 24 24","fill":"currentColor","children":["$","path",null,{"d":"M12 0c-6.626 0-12 5.373-12 12 0 5.302 3.438 9.8 8.207 11.387.599.111.793-.261.793-.577v-2.234c-3.338.726-4.033-1.416-4.033-1.416-.546-1.387-1.333-1.756-1.333-1.756-1.089-.745.083-.729.083-.729 1.205.084 1.839 1.237 1.839 1.237 1.07 1.834 2.807 1.304 3.492.997.107-.775.418-1.305.762-1.604-2.665-.305-5.467-1.334-5.467-5.931 0-1.311.469-2.381 1.236-3.221-.124-.303-.535-1.524.117-3.176 0 0 1.008-.322 3.301 1.23.957-.266 1.983-.399 3.003-.404 1.02.005 2.047.138 3.006.404 2.291-1.552 3.297-1.23 3.297-1.23.653 1.653.242 2.874.118 3.176.77.84 1.235 1.911 1.235 3.221 0 4.609-2.807 5.624-5.479 5.921.43.372.823 1.102.823 2.222v3.293c0 .319.192.694.801.576 4.765-1.589 8.199-6.086 8.199-11.386 0-6.627-5.373-12-12-12z"}]}]}]]}]]}]}]]}]]}]]}]]}],{"children":["docs",["$","$1","c",{"children":[null,["$","$L5",null,{"parallelRouterKey":"children","error":"$undefined","errorStyles":"$undefined","errorScripts":"$undefined","template":["$","$L6",null,{}],"templateStyles":"$undefined","templateScripts":"$undefined","notFound":"$undefined","forbidden":"$undefined","unauthorized":"$undefined"}]]}],{"children":[["slug","commit-checklist","d"],["$","$1","c",{"children":[null,["$","$L5",null,{"parallelRouterKey":"children","error":"$undefined","errorStyles":"$undefined","errorScripts":"$undefined","template":["$","$L6",null,{}],"templateStyles":"$undefined","templateScripts":"$undefined","notFound":"$undefined","forbidden":"$undefined","unauthorized":"$undefined"}]]}],{"children":["__PAGE__",["$","$1","c",{"children":["$L7",["$","$L8",null,{"children":"$L9"}],[["$","link","0",{"rel":"stylesheet","href":"/contributions/_next/static/css/7f6bd37aab40623f.css","precedence":"next","crossOrigin":"$undefined","nonce":"$undefined"}]],["$","$La",null,{"children":["$Lb","$Lc",["$","$Ld",null,{"promise":"$@e"}]]}]]}],{},null,false]},null,false]},null,false]},null,false],["$","$1","h",{"children":[null,["$","$1","jaG260DRX2P7vPlo_KGCK",{"children":[["$","$Lf",null,{"children":"$L10"}],["$","meta",null,{"name":"next-size-adjust","content":""}]]}],null]}],false]],"m":"$undefined","G":["$11","$undefined"],"s":false,"S":true}
12:"$Sreact.suspense"
13:I[4911,[],"AsyncMetadata"]
9:["$","$12",null,{"fallback":null,"children":["$","$L13",null,{"promise":"$@14"}]}]
c:null
15:T501a,<blockquote>
<p>이 문서는 <strong>Commit Checklist</strong>(<a href="https://chromium.googlesource.com/chromium/src/+/main/docs/commit_checklist.md"><code>docs/commit_checklist.md</code></a>) 문서의 한국어 전체 번역입니다.</p>
</blockquote>
<p>다음은 Gerrit에 변경 목록(CL)을 업로드하기 전과 코드 리뷰 과정 중에 살펴보면 유용한 체크리스트입니다. Gerrit은 Chromium 프로젝트의 코드 리뷰 플랫폼입니다. 이 체크리스트는 간결하게 사용할 수 있도록 설계되었습니다. 더 자세한 참고 자료는 <a href="contributing.md">Chromium에 기여하기</a>를 보세요. 대상 독자는 Chromium 프로젝트 기여에 익숙하지 않은 소프트웨어 엔지니어입니다. 현재 업로드하는 패치셋에 적용되지 않는 단계는 자유롭게 건너뛰어도 됩니다.</p>
<p>Atul Gawande의 Checklist Manifesto에 따르면, 체크리스트는 자신이 만들어 내는 작업의 일관된 품질을 보장하는 훌륭한 도구입니다. 또한 체크리스트는 어떤 단계를 빠뜨리지 않게 하고 다음에 무엇을 해야 할지 알아내는 데 머리를 낭비하지 않도록 해 주어 더 효율적으로 일하는 데도 도움이 됩니다.</p>
<h2 id="1-새-브랜치를-만들거나-올바른-브랜치로-전환하기">1. 새 브랜치를 만들거나 올바른 브랜치로 전환하기</h2><p>개발 작업을 시작하기 전에 새 브랜치를 만들어야 합니다. Git에서는 일찍 브랜치를 만들고 자주 브랜치를 만드는 것이 도움이 됩니다. <code>git new-branch &lt;branch_name&gt;</code> 명령을 사용하세요. 이는 <code>git checkout -b &lt;branch_name&gt; --track origin/main</code>과 동일합니다.</p>
<p>다른 로컬 브랜치를 업스트림 브랜치로 설정하고 싶을 수도 있습니다. <code>git checkout -b &lt;branch_name&gt; --track &lt;upstream_branch&gt;</code>로 그렇게 할 수 있습니다. 작업을 여러 CL에 나누고 싶지만 일부 CL이 다른 CL에 의존하는 경우 이렇게 하세요. 현재 브랜치를 업스트림으로 설정하면서 새 브랜치를 만들려면 <code>git new-branch --upstream_current &lt;new_branch_name&gt;</code>을 사용하세요.</p>
<p>관련 crbug를 "started"로 표시하여 다른 사람들이 당신이 해당 버그 작업을 시작했다는 것을 알 수 있게 하세요. 이 단계를 수행하면 중복 작업을 피할 수 있습니다.</p>
<p>이미 브랜치를 만들었다면 개발 작업을 다시 시작하기 전에 올바른 브랜치로 <code>git checkout &lt;branch_name&gt;</code>하는 것을 잊지 마세요. 아이디어나 피드백 구현을 끝내고, 어떤 수수께끼 같은 버그를 디버깅하는 데 몇 시간을 보낸 뒤에야 그 버그가 그동안 잘못된 브랜치에서 작업했기 때문에 생겼다는 사실을 발견하는 것만큼 답답한 일도 드뭅니다.</p>
<h2 id="2-로컬-업스트림-브랜치가-있다면-업스트림-변경-사항-리베이스하기">2. 로컬 업스트림 브랜치가 있다면 업스트림 변경 사항 리베이스하기</h2><p>다운스트림 브랜치가 업스트림 브랜치에 체인으로 연결되어 있다고 가정해 봅시다. 업스트림 브랜치에 변경 사항을 커밋했고 그 변경 사항이 다운스트림 브랜치에 나타나기를 원한다면 다음을 해야 합니다.</p>
<ul>
<li>다운스트림 브랜치로 <code>git checkout &lt;branch_name&gt;</code>합니다.</li>
<li>업스트림 변경 사항을 현재 브랜치로 가져오기 위해 <code>git rebase -i @{u}</code>를 실행합니다.</li>
<li>다운스트림 변경 사항을 업스트림 브랜치 위로 리베이스하기 위해 <code>git rebase -i @{u}</code>를 다시 실행합니다.</li>
</ul>
<p>수많은 병합 충돌을 고쳐야 할 것으로 예상하세요. 작업이 끝나면 <code>git rebase --continue</code>를 사용하세요.</p>
<h2 id="3-변경-사항-만들기">3. 변경 사항 만들기</h2><p>할 일을 하세요. 여기서는 코드를 작성하거나 고치는 방법에 대해 더 이상의 조언은 없습니다.</p>
<h2 id="4-코드가-올바르게-빌드되는지-확인하기">4. 코드가 올바르게 빌드되는지 확인하기</h2><p>변경 사항을 만든 뒤에는 일반적인 대상이 올바르게 빌드되는지 확인하세요.</p>
<ul>
<li>chrome(Linux, ChromeOS 등)</li>
<li>unit_tests</li>
<li>browser_tests</li>
</ul>
<p>여러 대상을 빌드하는 방법은 <a href="https://chromium.googlesource.com/chromium/src.git/+/main/docs/#Checking-Out-and-Building">여기에서 지침</a>을 찾을 수 있습니다.</p>
<p>현재 작업 중이 아닌 다른 빌드 중 하나를 자신도 모르게 실수로 깨뜨리기 쉽습니다. Commit Queue가 모든 빌드 오류를 잡아내야 하긴 하지만, CQ Dry Run은 실행하는 데 시간이 걸릴 수 있고 때로는 몇 시간 정도 걸리므로 먼저 로컬에서 확인하면 시간을 절약할 수 있습니다.</p>
<h2 id="5-변경-사항-테스트하기">5. 변경 사항 테스트하기</h2><p>Chrome 바이너리를 실행하거나 변경 사항을 테스트 기기에 배포하여 변경 사항을 수동으로 테스트하세요. ChromeOS용 Chrome을 테스트하는 경우 <a href="https://chromium.googlesource.com/chromiumos/docs/+/HEAD/simple_chrome_workflow.md">Simple Chrome</a> 지침에 따라 변경 사항을 테스트 기기에 배포하세요. 변경한 모든 코드 경로를 반드시 실행해 보세요.</p>
<p>몇 가지 테스트 팁:</p>
<ul>
<li>디버깅에는 <code>LOG(ERROR) &lt;&lt; "debug print statement"</code>를 사용하세요. ChromeOS 기기의 /var/logs/chrome/에서 로그를 찾을 수 있습니다. 로그 문을 더 빨리 찾을 수 있도록 출력문에 키워드를 추가할 수 있습니다.</li>
<li>디버깅 중 중단점을 설정하려면 GDB를 사용하세요.</li>
</ul>
<p>코드를 깨뜨릴 수 있는 엣지 케이스를 테스트하는 것도 생각해 보세요. 고려할 만한 일반적인 엣지 케이스는 다음과 같습니다.</p>
<ul>
<li>게스트 모드</li>
<li>Enterprise/EDU/감독 대상 사용자</li>
<li>접근성</li>
<li>공식 Chrome 브랜드 빌드(Googler용)</li>
</ul>
<h2 id="6-새-코드에-대해-단위-테스트-또는-브라우저-테스트-작성하기">6. 새 코드에 대해 단위 테스트 또는 브라우저 테스트 작성하기</h2><p>이전 단계에서 수행한 수동 테스트를 자동화하는 것을 고려하세요.</p>
<h2 id="7-코드가-보기-좋게-포맷되었는지-확인하기">7. 코드가 보기 좋게 포맷되었는지 확인하기</h2><p><code>git cl format --js</code>를 실행하세요. <code>--js</code> 옵션은 JavaScript 변경 사항도 포맷합니다.</p>
<h2 id="8-변경-사항-검토하기">8. 변경 사항 검토하기</h2><p>이전 커밋 이후 자신이 만든 모든 변경 사항을 검토하려면 <code>git diff</code>를 사용하세요. 업스트림 브랜치 이후 자신이 만든 모든 변경 사항을 검토하려면 <code>git upstream-diff</code>를 사용하세요. <code>git upstream-diff</code>의 출력이 Gerrit에 업로드될 내용입니다.</p>
<h2 id="9-커밋할-관련-파일-스테이징하기">9. 커밋할 관련 파일 스테이징하기</h2><p>CL에 포함하고 싶은 수정 파일 모두에 대해 <code>git add &lt;path_to_file&gt;</code>을 실행하세요. svn 같은 다른 버전 관리 시스템과 달리, <code>git commit</code>을 호출하기 전에 커밋하려는 파일을 명시적으로 <code>git add</code>해야 합니다.</p>
<h2 id="10-변경-사항-커밋하기">10. 변경 사항 커밋하기</h2><p><code>git commit</code>을 실행하세요. 유용한 커밋 메시지를 반드시 작성하세요. <a href="contributing.md#Uploading-a-change-for-review">좋은 커밋 메시지 작성 팁</a>이 몇 가지 있습니다. 이전 단계와 이 단계를 결합하는 단축 방법은 <code>git commit -a -m &lt;commit_message&gt;</code>입니다.</p>
<h2 id="11-커밋-스쿼시하기">11. 커밋 스쿼시하기</h2><p>현재 브랜치에 커밋이 많고 다음 단계에서 커밋별로 발생하는 성가신 병합 충돌을 피하고 싶다면, 모든 변경 사항을 하나의 커밋으로 모으는 것을 고려하세요. <code>git rebase -i @{u}</code>를 실행하세요. <code>@{u}</code>는 업스트림 브랜치를 가리키는 축약 포인터로, 보통 origin/main이지만 로컬 브랜치 중 하나일 수도 있습니다. <code>git rebase</code> 명령을 실행하면 커밋 목록이 보일 것이며, 각 커밋은 "pick"이라는 단어로 시작합니다. 첫 번째 커밋은 "pick"으로 되어 있는지 확인하고, 나머지는 "pick"에서 "squash"로 바꾸세요. 그러면 각 커밋이 이전 커밋으로 스쿼시되며, 모든 커밋이 첫 번째 커밋으로 스쿼시될 때까지 계속됩니다.</p>
<p>커밋들을 하나의 커밋으로 스쿼시하는 다른 방법은 이전 단계에서 <code>git commit --amend</code>를 하는 것입니다.</p>
<p>또는 <code>git squash-branch</code>를 실행할 수도 있습니다.</p>
<h2 id="12-로컬-저장소-리베이스하기">12. 로컬 저장소 리베이스하기</h2><p>리베이스는 원격 저장소의 변경 사항을 동기화하고 CL의 병합 충돌 오류를 해결하는 깔끔한 방법입니다. <code>git rebase-update</code>를 실행하세요. 이 명령은 개발 작업을 시작한 이후, 어쩌면 꽤 오래전부터, 원격에 랜딩된 변경 사항으로 모든 로컬 브랜치를 업데이트합니다. 또한 해당 브랜치와 연결된 CL이 병합된 뒤처럼 원격 저장소와 일치하는 브랜치를 삭제합니다. 요약하면, <code>git rebase-update</code>는 로컬 브랜치를 정리합니다.</p>
<p>리베이스 충돌을 만날 수 있습니다. 계속 진행하기 전에 수동으로 고친 뒤 <code>git rebase --continue</code>를 실행하세요.</p>
<p>리베이스는 빌드를 깨뜨릴 가능성이 있으므로, 이후 다시 빌드해 보고 싶을 수 있다는 점에 유의하세요. rebase-update 후 다시 빌드를 시도하기 전에 서드파티 의존성을 업데이트하기 위해 <code>gclient sync -D</code>를 실행해야 합니다.</p>
<h2 id="13-gerrit에-cl-업로드하기">13. Gerrit에 CL 업로드하기</h2><p><code>git cl upload</code>를 실행하세요. 유용한 옵션에는 다음이 포함됩니다.</p>
<ul>
<li><code>--cq-dry-run</code>(또는 <code>-d</code>)은 패치셋이 CQ Dry Run을 수행하도록 설정합니다. 의미 있는 변경 사항이 있는 새 패치셋마다 try job을 실행하는 것이 좋습니다.</li>
<li><code>-r &lt;chromium_username&gt;</code>은 리뷰어를 추가합니다.</li>
<li><code>-b &lt;bug_number&gt;</code>는 커밋 메시지의 버그 참조 줄을 자동으로 채웁니다. 관련 crbug가 없다면 <code>-b None</code>을 사용하세요.</li>
<li><code>-x &lt;bug_number&gt;</code>는 커밋 메시지의 버그 참조 줄을 자동으로 채우고, CL이 제출 및 병합되면 버그를 자동으로 닫힘으로 표시합니다.</li>
<li><code>--edit-description</code>은 커밋 메시지를 업데이트할 수 있게 해 줍니다. 커밋 메시지 제목에 [hashtag]처럼 대괄호를 사용하면 CL에 해시태그가 추가됩니다. 이 기능은 관련 CL을 함께 묶는 데 유용합니다.</li>
</ul>
<p>올바른 Gerrit CL에 업로드하고 있는지 확인하려면 <code>git cl issue</code>를 확인하세요. 새 CL을 업로드하는 경우 이슈 번호는 none입니다. 업로드하면 새 CL이 자동으로 생성됩니다. 새 패치를 업로드할 기존 CL을 대상으로 지정하려면 <code>git cl issue &lt;issue_number&gt;</code>를 사용하세요.</p>
<p>리뷰어가 더 쉽게 따라올 수 있도록, 각 패치셋에 변경 사항을 요약하고 누구의 댓글을 반영했는지 나타내는 제목을 제공하는 것도 권장됩니다. <code>git cl upload</code>를 실행하면 새 패치셋이 업로드되고 짧은 패치셋 제목을 입력하라는 메시지가 표시됩니다. 제목의 기본값은 가장 최근 커밋 요약입니다(<code>-T</code> 옵션은 묻지 않고 이것을 사용합니다). 모든 커밋을 하나로 스쿼시하는 편이라면 업로드할 때마다 새 요약을 입력해 보세요. Gerrit에서 패치셋 제목을 직접 수정할 수도 있습니다.</p>
<h2 id="14-gerrit에서-cl-다시-확인하기">14. Gerrit에서 CL 다시 확인하기</h2><p>현재 브랜치와 연결된 Gerrit URL로 이동하려면 <code>git cl web</code>을 실행하세요. 최신 패치셋을 열고 업로드된 모든 파일이 올바른지 확인하세요. <code>Expand All</code>을 클릭하여 개별 줄 단위 변경 사항을 모두 다시 살펴보세요. 기본적으로 리뷰어에게 리뷰를 요청하기 전에 셀프 리뷰를 하세요.</p>
<h2 id="15-모든-자동-회귀-테스트가-통과하는지-확인하기">15. 모든 자동 회귀 테스트가 통과하는지 확인하기</h2><p><code>CQ Dry Run</code>을 클릭하세요. 오류가 있으면 고치세요. 그렇지 않으면 CL이 commit queue(CQ) 검사를 통과하지 못합니다. 결과로 인해 CL에 큰 변경이 필요할 수 있으므로, 리뷰어에게 알리기 전에 CQ Dry Run이 통과할 때까지 기다리는 것을 고려하세요.</p>
<p>또는 <code>git cl try</code>를 실행할 수 있습니다.</p>
<h2 id="16-코드를-리뷰할-리뷰어-추가하기">16. 코드를 리뷰할 리뷰어 추가하기</h2><p><code>Find Owners</code>를 클릭하거나 <code>git cl owners</code>를 실행하여 코드를 리뷰할 파일 소유자를 찾고, 그들에게 어느 부분에 집중해 주기를 원하는지 알려 주세요. 보통 해당 영역에 대한 도메인 지식이 가장 많으므로, 수정 중인 파일에 더 구체적인 소유자를 선호하세요(즉 <code>//chrome/OWNERS</code>보다 <code>//chrome/foo/bar/OWNERS</code>를 선호하세요). 다음으로, 코드를 리뷰해야 한다고 생각하는 다른 사람을 추가하세요. Code Search의 blame 기능은 CL이 건드리는 코드 부분에 익숙할 수 있는 리뷰어를 식별하는 좋은 방법입니다. CL이 랜딩되려면, 자신이 일부 파일의 소유자인 경우를 제외하고, 변경한 각 파일에 대해 소유자 한 명의 승인이 필요합니다. 자신이 소유자인 파일에 대해서는 별도의 소유자 승인이 필요하지 않습니다.</p>
<p>CL에 이미 필요한 모든 owners 리뷰가 있더라도, 제출(CQ+2)하기 전에 적극적으로 참여하는 모든 리뷰어가 변경 사항에 CR+1을 줄 때까지 기다리는 것이 기대됩니다. 혼란과 실수를 방지하는 것 외에도, 이러한 기대가 존재하는 이유는 다음과 같습니다.</p>
<ol>
<li>참여 리뷰어들은 <a href="cr_respect.md">지속 가능한 코드를 작성하도록 도와주고</a> 있으며, 그들이 승인할 수 있게 하는 것은 그들의 노력에 대한 존중입니다.</li>
<li>owners 시스템은 완벽하지 않으며, 때로는 전체 변경을 승인할 <em>수는</em> 있지만, 더 지식이 많은 다른 owners에게 일부에 대한 승인을 위임할 소유자가 필요할 수 있습니다.</li>
</ol>
<p>이 기대를 깨야 한다면, 댓글에서 그 이유를 정당화해야 하며, 적절한 추가 주의가 필요할 수 있습니다(예: 제출 후 리뷰 받기, 실패하거나 flaky한 테스트 모니터링하기, 문제가 발생하면 되돌리기 등).</p>
<h2 id="17-리뷰-시작하기">17. 리뷰 시작하기</h2><p>실제 리뷰 절차를 시작하려면 <code>Start Review</code> 버튼을 클릭하세요. 이 버튼을 누르기 전까지는 아무도 당신의 변경 사항을 보지 않습니다. 버튼을 누르면 리뷰어에게 전송되는 알림에 추가 메시지를 포함할 기회가 주어집니다.</p>
<h2 id="18-리뷰어의-피드백-구현하기">18. 리뷰어의 피드백 구현하기</h2><p>그런 다음 이 커밋 체크리스트를 다시 따라가세요. Gerrit에서 리뷰어의 모든 댓글에 답하고, 해결된 모든 이슈를 resolved로 표시하세요. 해결되지 않은 모든 댓글을 보려면 Gerrit의 "Comments" 탭을 클릭하세요. 댓글에서 자유 형식으로 상호작용하는 것(<code>Reply</code> 또는 <code>Quote</code> 사용) 외에, 일반적인 관례는 다음과 같습니다.</p>
<ul>
<li>댓글에서 <code>Done</code>을 클릭하면 "Done"이라고 댓글을 달고 이 댓글을 해결 처리합니다. 이는 보통 리뷰어가 요청한 변경에 대한 응답으로 사용되며, 리뷰어가 요청한 변경을 수행했음을 알려 줍니다.</li>
<li>댓글에서 <code>Ack</code>를 클릭하면 "Ack"("Acknowledged"의 줄임말)라고 댓글을 달고 이 댓글을 해결 처리합니다. 이는 보통 리뷰어의 실행 불가능한 댓글에 대한 응답으로 사용되며, 이해했다는 것을 리뷰어에게 알려 줍니다.</li>
</ul>
<p>마지막으로, 리뷰어가 알림을 받도록 CL에서 <code>Reply</code>를 클릭하세요. 이렇게 하면 다시 리뷰할 준비가 되었다는 신호가 됩니다. 왜냐하면 reply를 누르기 전까지는 CL이 리뷰 준비가 되지 않았다고 가정하기 때문입니다.</p>
<p>빠르고 생산적이며 존중하는 리뷰를 보장하려면 <a href="cl_respect.md">Respectful Changes</a>의 지침을 따르세요.</p>
<p>변경 사항이 단순하고 다음 반복에서 리뷰어가 CL을 승인할 것이라고 자신한다면 Auto-Submit +1을 설정할 수 있습니다. 승인 후 CL은 자동으로 다음 단계로 진행됩니다. 이 기능은 리뷰어가 다른 시간대에 있고 CL을 더 빨리 랜딩하고 싶을 때 유용합니다. 이 플래그를 설정하면 CL을 랜딩할 책임도 리뷰어에게 넘어갑니다.</p>
<h2 id="19-cl-랜딩하기">19. CL 랜딩하기</h2><p>변경 사항을 랜딩하기 위한 최소 요구 사항을 충족하려면 다음을 갖추어야 합니다.</p>
<ul>
<li>Looks Good To Me(LGTM)를 획득해야 하며, 이는 Gerrit에서 Code-Review+1로 반영됩니다.<ul>
<li>자신이 소유자인 파일을 제외하고 각 파일마다 최소 한 명의 owner로부터</li>
<li>두 명의 committer로부터, 또는 자신도 committer라면 한 명의 committer로부터</li>
</ul>
</li>
<li>모든 코드 리뷰 댓글을 해결해야 합니다.</li>
</ul>
<p>위에서 언급했듯이, 이미 OWNERS 승인을 받았더라도 일반적으로 모든 리뷰어가 변경 사항을 승인할 때까지 기다리는 것이 기대됩니다. CL이 서브시스템에 의미 있는 변경을 가한다면 <code>chrome/OWNERS</code>를 포괄적인 승인 도장처럼 사용하지 마세요. <code>Submit to CQ</code>(Commit-Queue +2)를 클릭하면 commit queue(CQ)에서 변경 사항을 시도하고 성공 시 자동으로 랜딩합니다.</p>
<p>또는 <code>git cl set-commit</code>을 실행할 수 있습니다.</p>
<p>CL이 CQ를 통과했다고 해서 아직 완전히 안심할 수 있다는 뜻은 아닙니다. 내부 비공개 try job 실패가 있을 수도 있고, 코드 리뷰 과정에서 눈에 띄지 않은 버그가 있을 수도 있습니다. CL이 랜딩된 뒤 약 하루 동안 <a href="https://ci.chromium.org/p/chromium/g/main/console">Chromium tree</a>를 모니터링하는 것을 고려하세요. Sheriff나 다른 누군가가 실패를 알려 주면, 먼저 CL을 되돌리고 질문은 나중에 하세요. Gerrit은 revert CL을 자동으로 생성할 수 있습니다.</p>
<h2 id="20-정리">20. 정리</h2><p>CL이 랜딩된 뒤에는 <code>git rebase-update</code> 또는 <code>git cl archive</code>를 사용하여 로컬 브랜치를 정리할 수 있습니다. 이 명령들은 병합된 브랜치를 자동으로 삭제합니다. 관련 crbug를 "fixed"로 표시해 주세요.</p>
<p>원문 링크: <a href="https://raw.githubusercontent.com/chromium/chromium/main/docs/commit_checklist.md">https://raw.githubusercontent.com/chromium/chromium/main/docs/commit_checklist.md</a></p>
<h2 id="history">History</h2><ul>
<li>2026-07-06: Chromium <code>docs/commit_checklist.md</code> 원문 전체 한국어 번역 노트 생성.</li>
</ul>
7:["$","div",null,{"className":"mx-auto flex max-w-7xl flex-col gap-6 p-4 lg:flex-row","children":[["$","aside",null,{"className":"lg:w-48 lg:flex-shrink-0","children":["$","nav",null,{"aria-label":"문서 목록","className":"text-sm","children":[["$","div","가이드",{"className":"mb-4","children":[["$","h2",null,{"className":"mb-1.5 border-b border-outline px-3 pb-1.5 text-[11px] font-bold uppercase tracking-wider text-primary","children":"가이드"}],["$","ul",null,{"className":"space-y-0.5","children":[["$","li","getting-started",{"children":["$","$L2",null,{"href":"/docs/getting-started","aria-current":"$undefined","className":"block rounded-xl px-3 py-1.5 transition-colors text-on-surface hover:bg-surface-variant","children":"시작하기"}]}],["$","li","first-cl",{"children":["$","$L2",null,{"href":"/docs/first-cl","aria-current":"$undefined","className":"block rounded-xl px-3 py-1.5 transition-colors text-on-surface hover:bg-surface-variant","children":"첫 CL 올리기"}]}],["$","li","code-review-guide",{"children":["$","$L2",null,{"href":"/docs/code-review-guide","aria-current":"$undefined","className":"block rounded-xl px-3 py-1.5 transition-colors text-on-surface hover:bg-surface-variant","children":"코드 리뷰 가이드"}]}],["$","li","contribution-guide",{"children":["$","$L2",null,{"href":"/docs/contribution-guide","aria-current":"$undefined","className":"block rounded-xl px-3 py-1.5 transition-colors text-on-surface hover:bg-surface-variant","children":"컨트리뷰션 가이드"}]}]]}]]}],["$","div","참고 자료",{"className":"mb-4","children":[["$","h2",null,{"className":"mb-1.5 border-b border-outline px-3 pb-1.5 text-[11px] font-bold uppercase tracking-wider text-primary","children":"참고 자료"}],["$","ul",null,{"className":"space-y-0.5","children":[["$","li","useful-links",{"children":["$","$L2",null,{"href":"/docs/useful-links","aria-current":"$undefined","className":"block rounded-xl px-3 py-1.5 transition-colors text-on-surface hover:bg-surface-variant","children":"유용한 링크"}]}]]}]]}],["$","div","번역 · docs",{"className":"mb-4","children":[["$","h2",null,{"className":"mb-1.5 border-b border-outline px-3 pb-1.5 text-[11px] font-bold uppercase tracking-wider text-primary","children":"번역 · docs"}],["$","ul",null,{"className":"space-y-0.5","children":[["$","li","docs-readme",{"children":["$","$L2",null,{"href":"/docs/docs-readme","aria-current":"$undefined","className":"block rounded-xl px-3 py-1.5 transition-colors text-on-surface hover:bg-surface-variant","children":"Chromium 문서"}]}],["$","li","contributing",{"children":["$","$L2",null,{"href":"/docs/contributing","aria-current":"$undefined","className":"block rounded-xl px-3 py-1.5 transition-colors text-on-surface hover:bg-surface-variant","children":"Chromium에 기여하기"}]}],["$","li","code-reviews",{"children":["$","$L2",null,{"href":"/docs/code-reviews","aria-current":"$undefined","className":"block rounded-xl px-3 py-1.5 transition-colors text-on-surface hover:bg-surface-variant","children":"코드 리뷰"}]}],["$","li","cl-respect",{"children":["$","$L2",null,{"href":"/docs/cl-respect","aria-current":"$undefined","className":"block rounded-xl px-3 py-1.5 transition-colors text-on-surface hover:bg-surface-variant","children":"존중하는 변경"}]}],["$","li","cr-respect",{"children":["$","$L2",null,{"href":"/docs/cr-respect","aria-current":"$undefined","className":"block rounded-xl px-3 py-1.5 transition-colors text-on-surface hover:bg-surface-variant","children":"존중하는 코드 리뷰"}]}],["$","li","cl-tips",{"children":["$","$L2",null,{"href":"/docs/cl-tips","aria-current":"$undefined","className":"block rounded-xl px-3 py-1.5 transition-colors text-on-surface hover:bg-surface-variant","children":"CL 팁"}]}],["$","li","commit-checklist",{"children":["$","$L2",null,{"href":"/docs/commit-checklist","aria-current":"page","className":"block rounded-xl px-3 py-1.5 transition-colors bg-primary-container text-primary font-medium","children":"커밋 체크리스트"}]}],["$","li","gerrit-guide",{"children":["$","$L2",null,{"href":"/docs/gerrit-guide","aria-current":"$undefined","className":"block rounded-xl px-3 py-1.5 transition-colors text-on-surface hover:bg-surface-variant","children":"Gerrit 가이드"}]}],["$","li","mac-build-instructions",{"children":["$","$L2",null,{"href":"/docs/mac-build-instructions","aria-current":"$undefined","className":"block rounded-xl px-3 py-1.5 transition-colors text-on-surface hover:bg-surface-variant","children":"Mac 빌드 안내"}]}],["$","li","threading-and-tasks",{"children":["$","$L2",null,{"href":"/docs/threading-and-tasks","aria-current":"$undefined","className":"block rounded-xl px-3 py-1.5 transition-colors text-on-surface hover:bg-surface-variant","children":"Chrome의 스레딩과 태스크"}]}],["$","li","mojo-and-services",{"children":["$","$L2",null,{"href":"/docs/mojo-and-services","aria-current":"$undefined","className":"block rounded-xl px-3 py-1.5 transition-colors text-on-surface hover:bg-surface-variant","children":"Mojo 및 서비스 소개"}]}],["$","li","configuration",{"children":["$","$L2",null,{"href":"/docs/configuration","aria-current":"$undefined","className":"block rounded-xl px-3 py-1.5 transition-colors text-on-surface hover:bg-surface-variant","children":"구성: Prefs, Settings, Features, Switches & Flags"}]}],["$","li","origin-trials-integration",{"children":["$","$L2",null,{"href":"/docs/origin-trials-integration","aria-current":"$undefined","className":"block rounded-xl px-3 py-1.5 transition-colors text-on-surface hover:bg-surface-variant","children":"Origin Trials 통합"}]}]]}]]}],["$","div","번역 · docs/linux",{"className":"mb-4","children":[["$","h2",null,{"className":"mb-1.5 border-b border-outline px-3 pb-1.5 text-[11px] font-bold uppercase tracking-wider text-primary","children":"번역 · docs/linux"}],["$","ul",null,{"className":"space-y-0.5","children":[["$","li","linux-build-instructions",{"children":["$","$L2",null,{"href":"/docs/linux-build-instructions","aria-current":"$undefined","className":"block rounded-xl px-3 py-1.5 transition-colors text-on-surface hover:bg-surface-variant","children":"Linux 빌드 안내"}]}]]}]]}],["$","div","번역 · docs/process",{"className":"mb-4","children":[["$","h2",null,{"className":"mb-1.5 border-b border-outline px-3 pb-1.5 text-[11px] font-bold uppercase tracking-wider text-primary","children":"번역 · docs/process"}],["$","ul",null,{"className":"space-y-0.5","children":[["$","li","release-cycle",{"children":["$","$L2",null,{"href":"/docs/release-cycle","aria-current":"$undefined","className":"block rounded-xl px-3 py-1.5 transition-colors text-on-surface hover:bg-surface-variant","children":"Chrome 릴리스 주기"}]}]]}]]}],["$","div","번역 · docs/testing",{"className":"mb-4","children":[["$","h2",null,{"className":"mb-1.5 border-b border-outline px-3 pb-1.5 text-[11px] font-bold uppercase tracking-wider text-primary","children":"번역 · docs/testing"}],["$","ul",null,{"className":"space-y-0.5","children":[["$","li","web-platform-tests",{"children":["$","$L2",null,{"href":"/docs/web-platform-tests","aria-current":"$undefined","className":"block rounded-xl px-3 py-1.5 transition-colors text-on-surface hover:bg-surface-variant","children":"Web Platform Tests"}]}],["$","li","writing-web-tests",{"children":["$","$L2",null,{"href":"/docs/writing-web-tests","aria-current":"$undefined","className":"block rounded-xl px-3 py-1.5 transition-colors text-on-surface hover:bg-surface-variant","children":"웹 테스트 작성하기"}]}],["$","li","running-web-tests",{"children":["$","$L2",null,{"href":"/docs/running-web-tests","aria-current":"$undefined","className":"block rounded-xl px-3 py-1.5 transition-colors text-on-surface hover:bg-surface-variant","children":"웹 테스트 실행과 디버깅"}]}]]}]]}],["$","div","번역 · agents",{"className":"mb-4","children":[["$","h2",null,{"className":"mb-1.5 border-b border-outline px-3 pb-1.5 text-[11px] font-bold uppercase tracking-wider text-primary","children":"번역 · agents"}],["$","ul",null,{"className":"space-y-0.5","children":[["$","li","coding-agents",{"children":["$","$L2",null,{"href":"/docs/coding-agents","aria-current":"$undefined","className":"block rounded-xl px-3 py-1.5 transition-colors text-on-surface hover:bg-surface-variant","children":"Chromium 코딩 에이전트"}]}],["$","li","ai-coding-policy",{"children":["$","$L2",null,{"href":"/docs/ai-coding-policy","aria-current":"$undefined","className":"block rounded-xl px-3 py-1.5 transition-colors text-on-surface hover:bg-surface-variant","children":"Chromium AI 코딩 정책"}]}],["$","li","blink-spec-mcp",{"children":["$","$L2",null,{"href":"/docs/blink-spec-mcp","aria-current":"$undefined","className":"block rounded-xl px-3 py-1.5 transition-colors text-on-surface hover:bg-surface-variant","children":"Blink Spec MCP 서버"}]}]]}]]}],["$","div","번역 · third_party/blink",{"className":"mb-4","children":[["$","h2",null,{"className":"mb-1.5 border-b border-outline px-3 pb-1.5 text-[11px] font-bold uppercase tracking-wider text-primary","children":"번역 · third_party/blink"}],["$","ul",null,{"className":"space-y-0.5","children":[["$","li","runtime-enabled-features",{"children":["$","$L2",null,{"href":"/docs/runtime-enabled-features","aria-current":"$undefined","className":"block rounded-xl px-3 py-1.5 transition-colors text-on-surface hover:bg-surface-variant","children":"런타임 활성화 기능"}]}]]}]]}],["$","div","번역 · /",{"className":"mb-4","children":[["$","h2",null,{"className":"mb-1.5 border-b border-outline px-3 pb-1.5 text-[11px] font-bold uppercase tracking-wider text-primary","children":"번역 · /"}],["$","ul",null,{"className":"space-y-0.5","children":[["$","li","code-of-conduct",{"children":["$","$L2",null,{"href":"/docs/code-of-conduct","aria-current":"$undefined","className":"block rounded-xl px-3 py-1.5 transition-colors text-on-surface hover:bg-surface-variant","children":"Chromium 행동 강령"}]}]]}]]}]]}]}],["$","main",null,{"className":"min-w-0 flex-1","children":[["$","h1",null,{"className":"font-display mb-6 text-4xl font-semibold tracking-tight text-on-surface","children":"커밋 체크리스트"}],["$","article",null,{"className":"prose dark:prose-invert max-w-none","dangerouslySetInnerHTML":{"__html":"$15"}}],["$","nav",null,{"className":"mt-12 flex justify-between gap-4 border-t border-outline pt-6","children":[["$","$L2",null,{"href":"/docs/cl-tips","className":"flex flex-col text-primary hover:underline","children":[["$","span",null,{"className":"text-xs text-on-surface-variant","children":"이전"}],["$","span",null,{"children":["← ","CL 팁"]}]]}],["$","$L2",null,{"href":"/docs/gerrit-guide","className":"flex flex-col items-end text-right text-primary hover:underline","children":[["$","span",null,{"className":"text-xs text-on-surface-variant","children":"다음"}],["$","span",null,{"children":["Gerrit 가이드"," →"]}]]}]]}]]}],["$","aside",null,{"className":"order-first lg:order-last lg:w-40 lg:flex-shrink-0","children":["$","div",null,{"className":"lg:sticky lg:top-4","children":["$","nav",null,{"aria-label":"목차","className":"text-sm","children":[["$","h2",null,{"className":"mb-2 text-xs font-semibold uppercase tracking-wide text-on-surface-variant","children":"목차"}],["$","ul",null,{"className":"space-y-1","children":[["$","li","1-새-브랜치를-만들거나-올바른-브랜치로-전환하기",{"style":{"paddingLeft":"0px"},"children":["$","a",null,{"href":"#1-새-브랜치를-만들거나-올바른-브랜치로-전환하기","className":"block text-on-surface-variant transition-colors hover:text-primary","children":"1. 새 브랜치를 만들거나 올바른 브랜치로 전환하기"}]}],["$","li","2-로컬-업스트림-브랜치가-있다면-업스트림-변경-사항-리베이스하기",{"style":{"paddingLeft":"0px"},"children":["$","a",null,{"href":"#2-로컬-업스트림-브랜치가-있다면-업스트림-변경-사항-리베이스하기","className":"block text-on-surface-variant transition-colors hover:text-primary","children":"2. 로컬 업스트림 브랜치가 있다면 업스트림 변경 사항 리베이스하기"}]}],["$","li","3-변경-사항-만들기",{"style":{"paddingLeft":"0px"},"children":["$","a",null,{"href":"#3-변경-사항-만들기","className":"block text-on-surface-variant transition-colors hover:text-primary","children":"3. 변경 사항 만들기"}]}],["$","li","4-코드가-올바르게-빌드되는지-확인하기",{"style":{"paddingLeft":"0px"},"children":["$","a",null,{"href":"#4-코드가-올바르게-빌드되는지-확인하기","className":"block text-on-surface-variant transition-colors hover:text-primary","children":"4. 코드가 올바르게 빌드되는지 확인하기"}]}],["$","li","5-변경-사항-테스트하기",{"style":{"paddingLeft":"0px"},"children":["$","a",null,{"href":"#5-변경-사항-테스트하기","className":"block text-on-surface-variant transition-colors hover:text-primary","children":"5. 변경 사항 테스트하기"}]}],["$","li","6-새-코드에-대해-단위-테스트-또는-브라우저-테스트-작성하기",{"style":{"paddingLeft":"0px"},"children":["$","a",null,{"href":"#6-새-코드에-대해-단위-테스트-또는-브라우저-테스트-작성하기","className":"block text-on-surface-variant transition-colors hover:text-primary","children":"6. 새 코드에 대해 단위 테스트 또는 브라우저 테스트 작성하기"}]}],["$","li","7-코드가-보기-좋게-포맷되었는지-확인하기",{"style":{"paddingLeft":"0px"},"children":["$","a",null,{"href":"#7-코드가-보기-좋게-포맷되었는지-확인하기","className":"block text-on-surface-variant transition-colors hover:text-primary","children":"7. 코드가 보기 좋게 포맷되었는지 확인하기"}]}],["$","li","8-변경-사항-검토하기",{"style":{"paddingLeft":"0px"},"children":["$","a",null,{"href":"#8-변경-사항-검토하기","className":"block text-on-surface-variant transition-colors hover:text-primary","children":"8. 변경 사항 검토하기"}]}],["$","li","9-커밋할-관련-파일-스테이징하기",{"style":{"paddingLeft":"0px"},"children":["$","a",null,{"href":"#9-커밋할-관련-파일-스테이징하기","className":"block text-on-surface-variant transition-colors hover:text-primary","children":"9. 커밋할 관련 파일 스테이징하기"}]}],["$","li","10-변경-사항-커밋하기",{"style":{"paddingLeft":"0px"},"children":["$","a",null,{"href":"#10-변경-사항-커밋하기","className":"block text-on-surface-variant transition-colors hover:text-primary","children":"10. 변경 사항 커밋하기"}]}],["$","li","11-커밋-스쿼시하기",{"style":{"paddingLeft":"0px"},"children":["$","a",null,{"href":"#11-커밋-스쿼시하기","className":"block text-on-surface-variant transition-colors hover:text-primary","children":"11. 커밋 스쿼시하기"}]}],["$","li","12-로컬-저장소-리베이스하기",{"style":{"paddingLeft":"0px"},"children":["$","a",null,{"href":"#12-로컬-저장소-리베이스하기","className":"block text-on-surface-variant transition-colors hover:text-primary","children":"12. 로컬 저장소 리베이스하기"}]}],["$","li","13-gerrit에-cl-업로드하기",{"style":{"paddingLeft":"0px"},"children":["$","a",null,{"href":"#13-gerrit에-cl-업로드하기","className":"block text-on-surface-variant transition-colors hover:text-primary","children":"13. Gerrit에 CL 업로드하기"}]}],["$","li","14-gerrit에서-cl-다시-확인하기",{"style":{"paddingLeft":"0px"},"children":["$","a",null,{"href":"#14-gerrit에서-cl-다시-확인하기","className":"block text-on-surface-variant transition-colors hover:text-primary","children":"14. Gerrit에서 CL 다시 확인하기"}]}],["$","li","15-모든-자동-회귀-테스트가-통과하는지-확인하기",{"style":{"paddingLeft":"0px"},"children":["$","a",null,{"href":"#15-모든-자동-회귀-테스트가-통과하는지-확인하기","className":"block text-on-surface-variant transition-colors hover:text-primary","children":"15. 모든 자동 회귀 테스트가 통과하는지 확인하기"}]}],["$","li","16-코드를-리뷰할-리뷰어-추가하기",{"style":{"paddingLeft":"0px"},"children":["$","a",null,{"href":"#16-코드를-리뷰할-리뷰어-추가하기","className":"block text-on-surface-variant transition-colors hover:text-primary","children":"16. 코드를 리뷰할 리뷰어 추가하기"}]}],["$","li","17-리뷰-시작하기",{"style":{"paddingLeft":"0px"},"children":["$","a",null,{"href":"#17-리뷰-시작하기","className":"block text-on-surface-variant transition-colors hover:text-primary","children":"17. 리뷰 시작하기"}]}],["$","li","18-리뷰어의-피드백-구현하기",{"style":{"paddingLeft":"0px"},"children":["$","a",null,{"href":"#18-리뷰어의-피드백-구현하기","className":"block text-on-surface-variant transition-colors hover:text-primary","children":"18. 리뷰어의 피드백 구현하기"}]}],["$","li","19-cl-랜딩하기",{"style":{"paddingLeft":"0px"},"children":["$","a",null,{"href":"#19-cl-랜딩하기","className":"block text-on-surface-variant transition-colors hover:text-primary","children":"19. CL 랜딩하기"}]}],["$","li","20-정리",{"style":{"paddingLeft":"0px"},"children":["$","a",null,{"href":"#20-정리","className":"block text-on-surface-variant transition-colors hover:text-primary","children":"20. 정리"}]}],["$","li","history",{"style":{"paddingLeft":"0px"},"children":["$","a",null,{"href":"#history","className":"block text-on-surface-variant transition-colors hover:text-primary","children":"History"}]}]]}]]}]}]}]]}]
10:[["$","meta","0",{"charSet":"utf-8"}],["$","meta","1",{"name":"viewport","content":"width=device-width, initial-scale=1"}]]
b:null
14:{"metadata":[["$","title","0",{"children":"커밋 체크리스트 | OSSCA Chromium"}],["$","meta","1",{"name":"description","content":"2025 OSSCA 참여형 Chromium 프로젝트"}],["$","link","2",{"rel":"icon","href":"/contributions/icon.png?7799f1a0e0aceb83","type":"image/png","sizes":"256x256"}]],"error":null,"digest":"$undefined"}
e:{"metadata":"$14:metadata","error":null,"digest":"$undefined"}
